==============================================================================
STEP 0 — why it has to be a VESTING account
==============================================================================

  EVM StateDB           knows ONE number:   spendable
  SDK vesting account   holds TWO numbers:  spendable + locked

  x/staking and the staking precompile let you delegate the LOCKED part too.
  So the amount you may delegate can be LARGER than the number the EVM tracks.
  That gap is the whole vulnerability. A normal account cannot do this.

  attacker's vesting account:  spendable = 2 KII   locked = 50 KII
  EVM StateDB sees only:       2,000,000,000,000,000,000 akii

==============================================================================
STEP 1 — delegate ONE WEI more than spendable
==============================================================================
  delegate  2,000,000,000,000,000,001 akii   (2 KII + 1 wei — allowed, the locked part covers it)

  the post-delegation write-back does:      spendable - delegated
                                                         2,000,000,000,000,000,000
  -                                                      2,000,000,000,000,000,001
  =                                                                             -1   <- there is no -1 in a uint256
  = 115,792,089,237,316,195,423,570,985,008,687,907,853,269,984,665,640,564,039,457,584,007,913,129,639,935   <- STORED  (2^256 - 1)

==============================================================================
STEP 2 — the transfer that swaps the two balances
==============================================================================
  victim's real balance V = 900,000,000,000,000,000,000,000 akii  (900,000 KII)

  the attacker sends EXACTLY  2^256 - V.  Not a round number - a chosen one.
  send S = 115,792,089,237,316,195,423,570,985,008,687,907,853,269,984,665,640,563,139,457,584,007,913,129,639,936

  VICTIM SIDE:      V + S
                                                   900,000,000,000,000,000,000,000
  + 115,792,089,237,316,195,423,570,985,008,687,907,853,269,984,665,640,563,139,457,584,007,913,129,639,936
  = 115,792,089,237,316,195,423,570,985,008,687,907,853,269,984,665,640,564,039,457,584,007,913,129,639,936   <- exactly 2^256
  =                                                                              0   <- STORED

  ATTACKER SIDE:    A - S
    115,792,089,237,316,195,423,570,985,008,687,907,853,269,984,665,640,564,039,457,584,007,913,129,639,935
  - 115,792,089,237,316,195,423,570,985,008,687,907,853,269,984,665,640,563,139,457,584,007,913,129,639,936
  =                                                899,999,999,999,999,999,999,999   <- STORED

==============================================================================
STEP 3 — read the result
==============================================================================
  victim         900,000 KII  ->  0
  attacker         2^256 - 1  ->  899,999,999,999,999,999,999,999 akii   = 900,000 KII

  (2^256 - 1) - (2^256 - V)  =  V - 1     the attacker is left with the VICTIM'S balance
       V     + (2^256 - V)   =  2^256 = 0  the victim is left with nothing

  One transfer. Both sides wrap, in opposite directions, and they NET OUT.
  The fake 78-digit number is consumed; real tokens take its place.
  Nothing minted, nothing burned -> total supply unchanged, exactly as reported.

  KiiChain: repeated 18 times against different targets = 148,326,583.15 KII
==============================================================================
STEP 4 — what "they cancel out" actually means
==============================================================================

  HIS dial rolled BACKWARD past 0   -> jumped to the top
     the machine INVENTED  + 2^256   that do not exist

  HER dial rolled FORWARD past top  -> fell to 0
     the machine DESTROYED - 2^256   that do not exist

     + 2^256  -  2^256  =  0

  Same invented amount: created once, destroyed once, in the same transaction.
  That is why the chain's books still add up and no alarm fires.

  Take the two phantoms away and look at what is left underneath:
  an ordinary transfer of V, from her account to his. That is all that happened.

