
=== 1. Create a wallet from a DELIBERATELY WEAK generator (16 bits) ===
    mnemonic : clay amused fiber involve picnic cash history beyond neither survey must will
    hash160  : dd6e0522706a1124d1190fa0f6163cf54f70bd32
    (looks like any other 12-word wallet — nothing about it appears weak)

=== 2. Search the whole space for it ===
    space = 2^16 = 65,536 candidates
    tried       250 / 65,536      966.7 checks/s      0.3s
    tried       500 / 65,536      967.6 checks/s      0.5s
    tried       750 / 65,536      963.3 checks/s      0.8s
    tried     1,000 / 65,536      959.7 checks/s      1.0s
    tried     1,250 / 65,536      961.6 checks/s      1.3s
    tried     1,500 / 65,536      962.7 checks/s      1.6s
    tried     1,750 / 65,536      963.9 checks/s      1.8s
    tried     2,000 / 65,536      929.7 checks/s      2.2s
    tried     2,250 / 65,536      933.2 checks/s      2.4s
    tried     2,500 / 65,536      936.5 checks/s      2.7s
    tried     2,750 / 65,536      937.2 checks/s      2.9s
    tried     3,000 / 65,536      939.8 checks/s      3.2s
    tried     3,250 / 65,536      940.4 checks/s      3.5s
    tried     3,500 / 65,536      942.2 checks/s      3.7s
    tried     3,750 / 65,536      943.9 checks/s      4.0s
    tried     4,000 / 65,536      945.6 checks/s      4.2s
    tried     4,250 / 65,536      946.4 checks/s      4.5s
    tried     4,500 / 65,536      946.5 checks/s      4.8s
    tried     4,750 / 65,536      947.1 checks/s      5.0s
    tried     5,000 / 65,536      948.0 checks/s      5.3s
    tried     5,250 / 65,536      948.3 checks/s      5.5s
    tried     5,500 / 65,536      949.2 checks/s      5.8s
    tried     5,750 / 65,536      946.9 checks/s      6.1s
    tried     6,000 / 65,536      947.8 checks/s      6.3s
    tried     6,250 / 65,536      948.6 checks/s      6.6s
    tried     6,500 / 65,536      949.0 checks/s      6.8s
    tried     6,750 / 65,536      948.5 checks/s      7.1s
    tried     7,000 / 65,536      949.2 checks/s      7.4s
    tried     7,250 / 65,536      949.8 checks/s      7.6s
    tried     7,500 / 65,536      950.5 checks/s      7.9s
    tried     7,750 / 65,536      951.2 checks/s      8.1s
    tried     8,000 / 65,536      951.7 checks/s      8.4s
    tried     8,250 / 65,536      952.3 checks/s      8.7s
    tried     8,500 / 65,536      952.3 checks/s      8.9s
    tried     8,750 / 65,536      951.5 checks/s      9.2s
    tried     9,000 / 65,536      951.9 checks/s      9.5s
    tried     9,250 / 65,536      952.4 checks/s      9.7s
    tried     9,500 / 65,536      952.0 checks/s     10.0s
    tried     9,750 / 65,536      952.2 checks/s     10.2s
    tried    10,000 / 65,536      948.5 checks/s     10.5s
    tried    10,250 / 65,536      947.4 checks/s     10.8s
    tried    10,500 / 65,536      946.8 checks/s     11.1s
    tried    10,750 / 65,536      944.0 checks/s     11.4s
    tried    11,000 / 65,536      944.6 checks/s     11.6s
    tried    11,250 / 65,536      945.0 checks/s     11.9s
    tried    11,500 / 65,536      945.2 checks/s     12.2s
    tried    11,750 / 65,536      945.5 checks/s     12.4s
    tried    12,000 / 65,536      946.0 checks/s     12.7s
    tried    12,250 / 65,536      946.1 checks/s     12.9s
    tried    12,500 / 65,536      946.3 checks/s     13.2s
    tried    12,750 / 65,536      946.2 checks/s     13.5s
    tried    13,000 / 65,536      946.6 checks/s     13.7s
    tried    13,250 / 65,536      946.9 checks/s     14.0s
    tried    13,500 / 65,536      947.3 checks/s     14.3s
    tried    13,750 / 65,536      947.6 checks/s     14.5s
    tried    14,000 / 65,536      948.0 checks/s     14.8s
    tried    14,250 / 65,536      948.1 checks/s     15.0s
    tried    14,500 / 65,536      948.3 checks/s     15.3s
    tried    14,750 / 65,536      948.5 checks/s     15.6s
    tried    15,000 / 65,536      948.9 checks/s     15.8s
    tried    15,250 / 65,536      947.8 checks/s     16.1s
    tried    15,500 / 65,536      948.1 checks/s     16.3s
    tried    15,750 / 65,536      948.4 checks/s     16.6s
    tried    16,000 / 65,536      948.7 checks/s     16.9s
    tried    16,250 / 65,536      948.7 checks/s     17.1s
    tried    16,500 / 65,536      948.8 checks/s     17.4s
    tried    16,750 / 65,536      949.1 checks/s     17.6s
    tried    17,000 / 65,536      949.4 checks/s     17.9s
    tried    17,250 / 65,536      949.7 checks/s     18.2s
    tried    17,500 / 65,536      949.9 checks/s     18.4s
    tried    17,750 / 65,536      950.1 checks/s     18.7s
    tried    18,000 / 65,536      950.3 checks/s     18.9s
    tried    18,250 / 65,536      950.3 checks/s     19.2s
    tried    18,500 / 65,536      950.4 checks/s     19.5s
    tried    18,750 / 65,536      950.5 checks/s     19.7s
    tried    19,000 / 65,536      950.7 checks/s     20.0s
    tried    19,250 / 65,536      950.9 checks/s     20.2s
    tried    19,500 / 65,536      950.8 checks/s     20.5s
    tried    19,750 / 65,536      951.0 checks/s     20.8s
    tried    20,000 / 65,536      951.0 checks/s     21.0s
    tried    20,250 / 65,536      950.8 checks/s     21.3s
    tried    20,500 / 65,536      951.0 checks/s     21.6s
    tried    20,750 / 65,536      951.2 checks/s     21.8s
    tried    21,000 / 65,536      948.1 checks/s     22.1s
    tried    21,250 / 65,536      947.3 checks/s     22.4s
    tried    21,500 / 65,536      947.4 checks/s     22.7s
    tried    21,750 / 65,536      947.6 checks/s     23.0s
    tried    22,000 / 65,536      947.1 checks/s     23.2s
    tried    22,250 / 65,536      946.6 checks/s     23.5s
    tried    22,500 / 65,536      946.8 checks/s     23.8s
    tried    22,750 / 65,536      947.1 checks/s     24.0s
    tried    23,000 / 65,536      947.2 checks/s     24.3s
    tried    23,250 / 65,536      947.4 checks/s     24.5s
    tried    23,500 / 65,536      947.7 checks/s     24.8s
    tried    23,750 / 65,536      947.5 checks/s     25.1s
    tried    24,000 / 65,536      947.6 checks/s     25.3s
    tried    24,250 / 65,536      947.5 checks/s     25.6s
    tried    24,500 / 65,536      947.6 checks/s     25.9s
    tried    24,750 / 65,536      947.0 checks/s     26.1s
    tried    25,000 / 65,536      947.2 checks/s     26.4s
    tried    25,250 / 65,536      947.4 checks/s     26.7s
    tried    25,500 / 65,536      947.6 checks/s     26.9s
    tried    25,750 / 65,536      947.6 checks/s     27.2s
    tried    26,000 / 65,536      947.6 checks/s     27.4s
    tried    26,250 / 65,536      947.8 checks/s     27.7s
    tried    26,500 / 65,536      948.0 checks/s     28.0s
    tried    26,750 / 65,536      948.0 checks/s     28.2s
    tried    27,000 / 65,536      948.2 checks/s     28.5s
    tried    27,250 / 65,536      948.1 checks/s     28.7s
    tried    27,500 / 65,536      948.3 checks/s     29.0s
    tried    27,750 / 65,536      948.4 checks/s     29.3s
    tried    28,000 / 65,536      948.4 checks/s     29.5s
    tried    28,250 / 65,536      948.6 checks/s     29.8s
    tried    28,500 / 65,536      948.7 checks/s     30.0s
    tried    28,750 / 65,536      948.9 checks/s     30.3s
    tried    29,000 / 65,536      949.0 checks/s     30.6s
    tried    29,250 / 65,536      949.1 checks/s     30.8s
    tried    29,500 / 65,536      948.7 checks/s     31.1s
    tried    29,750 / 65,536      948.5 checks/s     31.4s
    tried    30,000 / 65,536      948.7 checks/s     31.6s
    tried    30,250 / 65,536      948.8 checks/s     31.9s
    tried    30,500 / 65,536      948.9 checks/s     32.1s
    tried    30,750 / 65,536      949.0 checks/s     32.4s
    tried    31,000 / 65,536      949.1 checks/s     32.7s
    tried    31,250 / 65,536      949.3 checks/s     32.9s
    tried    31,500 / 65,536      949.4 checks/s     33.2s
    tried    31,750 / 65,536      949.2 checks/s     33.4s
    tried    32,000 / 65,536      949.3 checks/s     33.7s
    tried    32,250 / 65,536      949.4 checks/s     34.0s
    tried    32,500 / 65,536      949.5 checks/s     34.2s
    tried    32,750 / 65,536      949.2 checks/s     34.5s
    tried    33,000 / 65,536      949.3 checks/s     34.8s
    tried    33,250 / 65,536      949.4 checks/s     35.0s
    tried    33,500 / 65,536      949.4 checks/s     35.3s
    tried    33,750 / 65,536      949.3 checks/s     35.6s
    tried    34,000 / 65,536      949.5 checks/s     35.8s
    tried    34,250 / 65,536      949.1 checks/s     36.1s
    tried    34,500 / 65,536      949.2 checks/s     36.3s
    tried    34,750 / 65,536      949.4 checks/s     36.6s
    tried    35,000 / 65,536      949.5 checks/s     36.9s
    tried    35,250 / 65,536      949.6 checks/s     37.1s
    tried    35,500 / 65,536      949.5 checks/s     37.4s
    tried    35,750 / 65,536      949.6 checks/s     37.6s
    tried    36,000 / 65,536      949.7 checks/s     37.9s
    tried    36,250 / 65,536      949.8 checks/s     38.2s
    tried    36,500 / 65,536      949.9 checks/s     38.4s
    tried    36,750 / 65,536      950.1 checks/s     38.7s
    tried    37,000 / 65,536      950.1 checks/s     38.9s
    tried    37,250 / 65,536      949.9 checks/s     39.2s
    tried    37,500 / 65,536      949.8 checks/s     39.5s
    tried    37,750 / 65,536      949.9 checks/s     39.7s
    tried    38,000 / 65,536      949.9 checks/s     40.0s
    tried    38,250 / 65,536      950.0 checks/s     40.3s
    tried    38,500 / 65,536      950.1 checks/s     40.5s
    tried    38,750 / 65,536      950.3 checks/s     40.8s
    tried    39,000 / 65,536      948.4 checks/s     41.1s
    tried    39,250 / 65,536      947.7 checks/s     41.4s
    tried    39,500 / 65,536      947.7 checks/s     41.7s
    tried    39,750 / 65,536      947.8 checks/s     41.9s
    tried    40,000 / 65,536      947.7 checks/s     42.2s
    tried    40,250 / 65,536      947.8 checks/s     42.5s
    tried    40,500 / 65,536      947.9 checks/s     42.7s
    tried    40,750 / 65,536      948.0 checks/s     43.0s
    tried    41,000 / 65,536      948.1 checks/s     43.2s
    tried    41,250 / 65,536      947.9 checks/s     43.5s
    tried    41,500 / 65,536      947.9 checks/s     43.8s
    tried    41,750 / 65,536      948.0 checks/s     44.0s
    tried    42,000 / 65,536      948.1 checks/s     44.3s
    tried    42,250 / 65,536      948.2 checks/s     44.6s
    tried    42,500 / 65,536      948.3 checks/s     44.8s
    tried    42,750 / 65,536      948.3 checks/s     45.1s
    tried    43,000 / 65,536      948.4 checks/s     45.3s
    tried    43,250 / 65,536      948.3 checks/s     45.6s
    tried    43,500 / 65,536      948.3 checks/s     45.9s
    tried    43,750 / 65,536      948.0 checks/s     46.1s
    tried    44,000 / 65,536      948.1 checks/s     46.4s
    tried    44,250 / 65,536      948.2 checks/s     46.7s
    tried    44,500 / 65,536      948.3 checks/s     46.9s
    tried    44,750 / 65,536      947.7 checks/s     47.2s
    tried    45,000 / 65,536      947.7 checks/s     47.5s
    tried    45,250 / 65,536      947.6 checks/s     47.8s
    tried    45,500 / 65,536      947.7 checks/s     48.0s
    tried    45,750 / 65,536      947.7 checks/s     48.3s
    tried    46,000 / 65,536      947.8 checks/s     48.5s
    tried    46,250 / 65,536      947.9 checks/s     48.8s
    tried    46,500 / 65,536      948.0 checks/s     49.0s
    tried    46,750 / 65,536      948.1 checks/s     49.3s
    tried    47,000 / 65,536      948.1 checks/s     49.6s
    tried    47,250 / 65,536      948.1 checks/s     49.8s
    tried    47,500 / 65,536      948.2 checks/s     50.1s
    tried    47,750 / 65,536      948.3 checks/s     50.4s
    tried    48,000 / 65,536      948.4 checks/s     50.6s
    tried    48,250 / 65,536      948.5 checks/s     50.9s
    tried    48,500 / 65,536      948.3 checks/s     51.1s
    tried    48,750 / 65,536      948.3 checks/s     51.4s
    tried    49,000 / 65,536      948.3 checks/s     51.7s
    tried    49,250 / 65,536      948.3 checks/s     51.9s
    tried    49,500 / 65,536      948.3 checks/s     52.2s
    tried    49,750 / 65,536      948.3 checks/s     52.5s
    tried    50,000 / 65,536      948.4 checks/s     52.7s
    tried    50,250 / 65,536      948.5 checks/s     53.0s
    tried    50,500 / 65,536      948.5 checks/s     53.2s
    tried    50,750 / 65,536      948.4 checks/s     53.5s
    tried    51,000 / 65,536      948.4 checks/s     53.8s
    tried    51,250 / 65,536      948.5 checks/s     54.0s
    tried    51,500 / 65,536      948.5 checks/s     54.3s
    tried    51,750 / 65,536      948.4 checks/s     54.6s
    tried    52,000 / 65,536      948.4 checks/s     54.8s
    tried    52,250 / 65,536      948.5 checks/s     55.1s
    tried    52,500 / 65,536      948.6 checks/s     55.3s
    tried    52,750 / 65,536      948.5 checks/s     55.6s
    tried    53,000 / 65,536      948.5 checks/s     55.9s
    tried    53,250 / 65,536      948.2 checks/s     56.2s
    tried    53,500 / 65,536      948.2 checks/s     56.4s
    tried    53,750 / 65,536      948.3 checks/s     56.7s
    tried    54,000 / 65,536      948.4 checks/s     56.9s
    tried    54,250 / 65,536      948.4 checks/s     57.2s
    tried    54,500 / 65,536      948.5 checks/s     57.5s
    tried    54,750 / 65,536      948.4 checks/s     57.7s
    tried    55,000 / 65,536      948.5 checks/s     58.0s
    tried    55,250 / 65,536      948.5 checks/s     58.2s
    tried    55,500 / 65,536      948.6 checks/s     58.5s
    tried    55,750 / 65,536      948.7 checks/s     58.8s
    tried    56,000 / 65,536      948.7 checks/s     59.0s
    tried    56,250 / 65,536      948.8 checks/s     59.3s
    tried    56,500 / 65,536      948.9 checks/s     59.5s
    tried    56,750 / 65,536      948.9 checks/s     59.8s
    tried    57,000 / 65,536      948.9 checks/s     60.1s
    tried    57,250 / 65,536      949.0 checks/s     60.3s
    tried    57,500 / 65,536      949.1 checks/s     60.6s
    tried    57,750 / 65,536      949.1 checks/s     60.8s
    tried    58,000 / 65,536      949.2 checks/s     61.1s
    tried    58,250 / 65,536      949.2 checks/s     61.4s
    tried    58,500 / 65,536      949.3 checks/s     61.6s
    tried    58,750 / 65,536      949.3 checks/s     61.9s
    tried    59,000 / 65,536      949.3 checks/s     62.1s
    tried    59,250 / 65,536      949.4 checks/s     62.4s
    tried    59,500 / 65,536      949.4 checks/s     62.7s
    tried    59,750 / 65,536      949.4 checks/s     62.9s
    tried    60,000 / 65,536      949.5 checks/s     63.2s
    tried    60,250 / 65,536      949.5 checks/s     63.5s
    tried    60,500 / 65,536      949.5 checks/s     63.7s
    tried    60,750 / 65,536      949.5 checks/s     64.0s
    tried    61,000 / 65,536      949.5 checks/s     64.2s
    tried    61,250 / 65,536      949.6 checks/s     64.5s
    tried    61,500 / 65,536      949.6 checks/s     64.8s
    tried    61,750 / 65,536      949.7 checks/s     65.0s
    tried    62,000 / 65,536      949.7 checks/s     65.3s
    tried    62,250 / 65,536      949.7 checks/s     65.5s
    tried    62,500 / 65,536      949.7 checks/s     65.8s
    tried    62,750 / 65,536      949.5 checks/s     66.1s
    tried    63,000 / 65,536      949.5 checks/s     66.3s
    tried    63,250 / 65,536      949.6 checks/s     66.6s
    tried    63,500 / 65,536      949.6 checks/s     66.9s
    tried    63,750 / 65,536      949.7 checks/s     67.1s
    tried    64,000 / 65,536      949.7 checks/s     67.4s
    tried    64,250 / 65,536      949.8 checks/s     67.6s
    tried    64,500 / 65,536      949.7 checks/s     67.9s
    tried    64,750 / 65,536      949.8 checks/s     68.2s
    tried    65,000 / 65,536      949.8 checks/s     68.4s
    tried    65,250 / 65,536      949.9 checks/s     68.7s
    tried    65,500 / 65,536      949.9 checks/s     69.0s

    FOUND at index 65,529 after 65,530 tries in 69.0s
    measured rate: 950 full seed checks / second (single CPU core)

=== 3. What that rate means for real entropy sizes ===
       entropy                search space       time at this rate
         16 b                      65,536             1.1 minutes
         32 b               4,294,967,296               52.3 days
         40 b           1,099,511,627,776              36.7 years
         48 b         281,474,976,710,656           9,389.6 years
         64 b  18,446,744,073,709,551,616          6.15e+08 years
        128 b  340,282,366,920,938,463,463,374,607,431,768,211,456          1.14e+28 years

    Coldcard Mk2/Mk3 on fw 4.0.0-4.1.9 landed at ~40 bits.
    The design target was 128.

